exports[`<AppliedActions /> component should render <AppliedActions /> correctly 1`] = `
<div
  className="applied-actions-container">
  <div
    className="menu-title">
    Applied Actions
  </div>
  <ul />
</div>
`;
