exports[`<Image /> component should render <Image /> correctly 1`] = `
<img
  className={undefined}
  src={undefined} />
`;
