exports[`<ImagePicker /> component should render <ImagePicker /> correctly 1`] = `
<input
  onChange={[Function]}
  type="file" />
`;
